// Jest Snapshot v1, https://goo.gl/fbAQLP

exports[`UserComments renders a UserComments Component 1`] = `
<Fragment>
  <Styled(div) />
  <ActivatedComments
    livefyreConfig={
      Object {
        "areCommentsActivated": true,
        "collection": Object {
          "articleId": "948848_4",
          "checksum": "5662654f95ebee3b55eec72f64b3a787",
          "collectionMeta": "eyJ0eXAiOiJKV1QiLCJhbGciOiJIUzI1NiJ9.eyJ1cmwiOiJodHRwczovL3d3dy5ldXJvc3BvcnQuZnIvZm9vdGJhbGwvbGlndWUtZGVzLWNoYW1waW9ucy8yMDE3LTIwMTgvbGl2ZS1yZWFsLW1hZHJpZC1wYXJpcy1zYWludC1nZXJtYWluX210Yzk0ODg0OC9saXZlLnNodG1sIiwidGl0bGUiOiJMaWd1ZSBkZXMgY2hhbXBpb25zIDIwMTctMjAxOCBSZWFsIE1hZHJpZC1QYXJpcyBTYWludC1HZXJtYWluIiwidHlwZSI6ImxpdmVjb21tZW50cyIsImFydGljbGVJZCI6Ijk0ODg0OF80In0.QlshF5MD-J1ivClFm6GPp_X77z6njW-cvhLW2Lv3fLk",
        },
        "config": Object {
          "networkDomain": "eurosport-fr.fyre.co",
          "scriptUrl": "//cdn.livefyre.com/Livefyre.js",
          "siteId": 373116,
        },
        "labels": Object {
          "MultipleMediaNotAllowedError": "Your permissions only grant you one media attachment at a time.",
          "archiveHeaderTitle": "From the Archive",
          "archiveShowMore": "Show More",
          "backToComments": "Back to Newest",
          "backToHotThreads": "Back to Hot Threads",
          "banCancelButton": "Cancel",
          "banConfirmButton": "OK",
          "banConfirmation": "Are you sure you want to ban this user?",
          "banTitle": "Ban user",
          "banUserButton": "Ban user",
          "banUserTooltip": "Ban user",
          "bozoButton": "Bozo",
          "bozoCommentTooltip": "Bozo",
          "commentCountLabel": "%s comment",
          "commentCountLabelPlural": "%s comments",
          "commentNotifier": "New Comment",
          "commentNotifierPlural": "New Comments",
          "commentTombstone": "This comment has been deleted",
          "customHtmlDialogTitle": "Add Custom HTML",
          "deleteButton": "Delete",
          "deleteCommentTooltip": "Delete",
          "displayName": "%s",
          "displayNameGuest": "%s (guest)",
          "editButton": "Edit",
          "editProfile": "Edit profile",
          "editorDisabled": "This conversation is currently closed to new comments.",
          "errorAuthError": "You're not authorized to post a comment on this conversation",
          "errorCommentsNotAllowed": "Comments are not allowed on this conversation",
          "errorDefault": "An error has occurred. Please try again.",
          "errorDuplicate": "As much as you liked your comment, you're not allowed to post it twice.",
          "errorEditDuplicate": "You must change the body of the comment when you edit it.",
          "errorEditNotAllowed": "You're not allowed to edit comments on this conversation.",
          "errorEditTimeExceeded": "Sorry, your comment editing period has expired.",
          "errorEmpty": "It seems you're attempting to post an empty comment.",
          "errorExpired": "Your session has expired. Please reload the page.",
          "errorFlagNotSelected": "Please select a flag type.",
          "errorGuestLiked": "Sorry, only those with accounts can like content.",
          "errorInsufficientPermissions": "Insufficient Permissions",
          "errorInvalidChar": "It seems you're attempting to post an invalid character.",
          "errorLikeOwnComment": "You cannot like your own comment",
          "errorMalformed": "It seems you're attempting to post malformed content.",
          "errorMaxChars": "Sorry, your comment is too long. Please edit and try again.",
          "errorMediaNotAvailable": "Media is no longer visible.",
          "errorShowMore": "There was an error loading more comments.",
          "featureButton": "Feature",
          "featureCommentTooltip": "Feature",
          "featuredCommentTooltip": "Unfeature",
          "featuredCommentsTag": "Featured",
          "featuredCommentsTitlePlural": "Featured Comment",
          "flagButton": "Flag",
          "flagCancelButton": "Cancel",
          "flagCommentTooltip": "...More",
          "flagConfirmButton": "OK",
          "flagConfirmationMessage": "Flag %s's comment as %s?",
          "flagDefaultSelectOption": "Select",
          "flagDisagree": "Disagree",
          "flagDisagreeButton": "Disagree",
          "flagDisagreeCommentTooltip": "Disagree",
          "flagEmail": "Email",
          "flagEmailPlaceholder": "Your e-mail address",
          "flagNotes": "Notes",
          "flagNotesPlaceholder": "Notes",
          "flagOffTopic": "Off-Topic",
          "flagOffTopicButton": "Off-Topic",
          "flagOffTopicCommentTooltip": "Off-Topic",
          "flagOffensive": "Offensive",
          "flagOffensiveButton": "Offensive",
          "flagOffensiveCommentTooltip": "Offensive",
          "flagSpam": "Spam",
          "flagSpamButton": "Spam",
          "flagSpamCommentTooltip": "Spam",
          "flagSubtitle": "Flag as",
          "flagSuccessMsg": "Comment has been flagged.",
          "flagTitle": "Flag %s's comment",
          "follow": "+ Follow",
          "hotThreadsContentNotFoundMsg": "There are not enough threads yet.",
          "hovercardViewProfile": "View Full Profile",
          "likeButton": "Like",
          "likesPlural": "Likes",
          "likesSingular": "Like",
          "listenerCount": "person listening",
          "listenerCountPlural": "people listening",
          "liveblogFollow": "Follow Live Blog",
          "liveblogNotifier": "New Post",
          "liveblogNotifierPlural": "New Posts",
          "liveblogPostCountLabel": "post",
          "liveblogPostCountLabelPlural": "posts",
          "liveblogUnfollow": "Unfollow Live Blog",
          "livechatOtherInstruction": "Press command+enter to post",
          "livechatPostButtonLabel": "Post",
          "livechatPostEditButton": "Edit",
          "livechatWindowsInstruction": "Press control+enter to post",
          "loadingPermalink": "Loading short url...",
          "mentionCancelButton": "Cancel",
          "mentionConfirmButton": "OK",
          "mentionDefaultText": "I mentioned you in a Livefyre comment!",
          "mentionErrorGeneral": "Oops! Something went wrong! Livefyre has been alerted.",
          "mentionErrorNoneSelected": "You must have at least one mention enabled.",
          "mentionMenuTitle": "To see and mention your friends",
          "mentionSubtitleTwitter": "Share Tweet to:",
          "mentionSuccessMsg": "Mentions have been successfully sent.",
          "mentionTitle": "Share Mention",
          "mentionTwitterConnect": "Connect to Twitter",
          "mentionTwitterFetching": "Fetching Friends...",
          "modQ": "ModQ",
          "moderator": "moderator",
          "moderatorEditTimestamp": "Edited by a Moderator",
          "moreButton": "...More",
          "newComment": "New Comment",
          "newComments": "New Comments",
          "newReplies": "new replies",
          "newReply": "new reply",
          "notificationSettings": "Notification settings",
          "pendingComment": "pending",
          "permalinkNotFoundMsg": "This comment is no longer visible.",
          "postAsButton": "Post comment as…",
          "postButton": "Post comment",
          "postEditAsButton": "Edit comment as...",
          "postEditButton": "Edit comment",
          "postEditCancelButton": "Cancel",
          "postReplyAsButton": "Post comment as…",
          "postReplyButton": "Post comment",
          "quickProfileTooltip": "Quick Profile",
          "refresh": "Refresh",
          "replyButton": "Reply",
          "replyButtonPlural": "Replies",
          "replyButtonSingular": "reply",
          "shareButton": "Share",
          "shareButtonText": "Share",
          "shareCommentTooltip": "Share",
          "shareDefaultText": "Check out %s's post!",
          "shareLabel": "Share on:",
          "sharePermalink": "Permalink",
          "shareText": "I just posted a comment. Check it out!",
          "shareTextFacebook": "blank",
          "shareTextLinkedin": "blank",
          "shareTextTwitter": "blank",
          "shareTitle": "Share Comment",
          "showMore": "Show More Comments",
          "showMoreLiveblog": "Show More Posts",
          "signIn": "Sign in",
          "signInGuest": "Sign in or Post as Guest",
          "signOut": "Sign out",
          "siteAdmin": "Admin Console",
          "sortHotThreads": "Hot Threads",
          "sortNewest": "Newest",
          "sortOldest": "Oldest",
          "sortTopComments": "Top Comments",
          "streamRefreshMsg": "See what's new.",
          "streamSorting": "Loading",
          "threadBreakoutButton": "Show entire Thread",
          "timeDaysAgo": "day ago",
          "timeDaysAgoPlural": "days ago",
          "timeHoursAgo": "hour ago",
          "timeHoursAgoPlural": "hours ago",
          "timeInDays": "in %s day",
          "timeInDaysPlural": "in %s days",
          "timeInHours": "in %s hour",
          "timeInHoursPlural": "in %s hours",
          "timeInMinutes": "in %s minute",
          "timeInMinutesPlural": "in %s minutes",
          "timeJustNow": "just now",
          "timeMinutesAgo": "minute ago",
          "timeMinutesAgoPlural": "minutes ago",
          "toggleCollapse": "Toggle Collapse",
          "topCommentsContentNotFoundMsg": "There are not enough likes yet.",
          "unfeatureButton": "Unfeature",
          "unfollow": "- Unfollow",
          "unlikeButton": "Unlike",
          "voteDownvote": "No",
          "voteReplyTitle": "Was this reply helpful?",
          "voteTitle": "Was this comment helpful?",
          "voteUpvote": "Yes",
        },
      }
    }
    loginCallback={[Function]}
    logoutCallback={[Function]}
    rightAdElement={null}
    topAdElement={null}
    userToken=""
  />
</Fragment>
`;
