// Jest Snapshot v1, https://goo.gl/fbAQLP

exports[`<Adobe /> head script client side renders <Adobe /> 1`] = `
<Fragment>
  <ScriptInjector
    async={false}
    id="adobe-script"
    injectPlace="head"
    innerHTML=""
    isServer={false}
    src="srcUrl"
  />
</Fragment>
`;
