// Jest Snapshot v1, https://goo.gl/fbAQLP

exports[`renders a ArticleCard 1`] = `
<Card>
  <CardHeader />
  <CardContent />
  <CardFooter />
</Card>
`;
