// Jest Snapshot v1, https://goo.gl/fbAQLP

exports[`renders a Text 1`] = `
<div>
  A text
</div>
`;
