// Jest Snapshot v1, https://goo.gl/fbAQLP

exports[`renders a CardContent 1`] = `
<div>
  Content
</div>
`;
