// Jest Snapshot v1, https://goo.gl/fbAQLP

exports[`renders a CardFooter 1`] = `
<div>
  Footer
</div>
`;
