// Jest Snapshot v1, https://goo.gl/fbAQLP

exports[`SharedLink matches video card snapshot 1`] = `
<Styled(Component)
  darkness={0}
  description=""
  image="picurl?w=640"
  labelPlayButton="play this video"
  link="url"
  target="_blank"
  title="title"
  topic=""
/>
`;
