// Jest Snapshot v1, https://goo.gl/fbAQLP

exports[`renders a Text 1`] = `
<span>
  A text
</span>
`;
