// Jest Snapshot v1, https://goo.gl/fbAQLP

exports[`PlayerCard should render as expected 1`] = `
<Styled(div)>
  <Styled(div)
    backgroundImageUrl="http://dnl.eurosport.com/web-toolkit/playercard/bg1.png"
  />
  <Styled(PlayerInfos)
    ageText="Age"
    heightText="Height (m)"
    player={
      Object {
        "age": "32",
        "competition": "ATP",
        "country": "Spain",
        "firstName": "Rafael",
        "flagUrl": "https://i.eurosport.com/_iss_/geo/country/flag/medium/2203.png",
        "height": "1.85",
        "lastName": "Nadal",
        "pictureUrl": "https://i.eurosport.com/_iss_/person/pp_clubteam/large/435121.jpg",
        "ranking": "2",
        "weight": "85",
      }
    }
    rankingText="Ranking"
    weightText="Weight (Kg)"
  />
  <Styled(div)>
    Previous matches
  </Styled(div)>
  <Styled(div)>
    <ViewMore
      animationDelay={400}
      forceToggle={false}
      onClick={null}
      showLessItemCount={1}
      showLessText="Show less matches"
      showMoreText="Show more matches"
    >
      <Styled(div)
        key="123451"
      >
        <Styled(div)>
          <Labels
            isSimpleMode={true}
            labels={
              Array [
                Object {
                  "text": "ROLAND-GARROS",
                },
                Object {
                  "text": "SINGLES",
                },
                Object {
                  "text": "FINAL",
                },
              ]
            }
          />
        </Styled(div)>
        <ScoreBlock
          data={
            Object {
              "bottomTeam": Object {
                "hasWon": false,
                "isServing": false,
                "playerOneName": "Federer",
                "sets": Array [
                  Object {
                    "score": 3,
                    "set": 1,
                    "tie": null,
                    "won": false,
                  },
                  Object {
                    "score": 3,
                    "set": 2,
                    "tie": null,
                    "won": true,
                  },
                  Object {
                    "score": 7,
                    "set": 3,
                    "tie": 7,
                    "won": true,
                  },
                  Object {
                    "score": 3,
                    "set": 4,
                    "tie": null,
                    "won": false,
                  },
                  Object {
                    "score": 6,
                    "set": 5,
                    "tie": null,
                    "won": true,
                  },
                ],
              },
              "topTeam": Object {
                "hasWon": true,
                "isServing": false,
                "playerOneName": "Nadal",
                "sets": Array [
                  Object {
                    "score": 6,
                    "set": 1,
                    "tie": null,
                    "won": true,
                  },
                  Object {
                    "score": 6,
                    "set": 2,
                    "tie": null,
                    "won": true,
                  },
                  Object {
                    "score": 6,
                    "set": 3,
                    "tie": 2,
                    "won": false,
                  },
                  Object {
                    "score": 6,
                    "set": 4,
                    "tie": null,
                    "won": true,
                  },
                  Object {
                    "score": 3,
                    "set": 5,
                    "tie": null,
                    "won": false,
                  },
                ],
              },
            }
          }
          displayLeftCircle="won"
          hasButton={true}
          isLive={false}
          isWatchable={false}
          liveButtonText="Live"
          matchInfoButtonText="Match Info"
          matchUrl="https://eurosport.com"
          schedule={null}
        />
      </Styled(div)>
      <Styled(div)
        key="123452"
      >
        <Styled(div)>
          <Labels
            isSimpleMode={true}
            labels={
              Array [
                Object {
                  "text": "ROLAND-GARROS",
                },
                Object {
                  "text": "DOUBLES",
                },
                Object {
                  "text": "2ND ROUND",
                },
              ]
            }
          />
        </Styled(div)>
        <ScoreBlock
          data={
            Object {
              "bottomTeam": Object {
                "hasWon": false,
                "isServing": false,
                "playerOneName": "Federer",
                "sets": Array [
                  Object {
                    "score": 3,
                    "set": 1,
                    "tie": null,
                    "won": false,
                  },
                  Object {
                    "score": 3,
                    "set": 2,
                    "tie": null,
                    "won": true,
                  },
                  Object {
                    "score": 7,
                    "set": 3,
                    "tie": 7,
                    "won": true,
                  },
                  Object {
                    "score": 3,
                    "set": 4,
                    "tie": null,
                    "won": false,
                  },
                  Object {
                    "score": 6,
                    "set": 5,
                    "tie": null,
                    "won": true,
                  },
                ],
              },
              "topTeam": Object {
                "hasWon": true,
                "isServing": false,
                "playerOneName": "Nadal",
                "sets": Array [
                  Object {
                    "score": 6,
                    "set": 1,
                    "tie": null,
                    "won": true,
                  },
                  Object {
                    "score": 6,
                    "set": 2,
                    "tie": null,
                    "won": true,
                  },
                  Object {
                    "score": 6,
                    "set": 3,
                    "tie": 2,
                    "won": false,
                  },
                  Object {
                    "score": 6,
                    "set": 4,
                    "tie": null,
                    "won": true,
                  },
                  Object {
                    "score": 3,
                    "set": 5,
                    "tie": null,
                    "won": false,
                  },
                ],
              },
            }
          }
          displayLeftCircle="won"
          hasButton={true}
          isLive={false}
          isWatchable={false}
          liveButtonText="Live"
          matchInfoButtonText="Match Info"
          matchUrl="https://eurosport.com"
          schedule={null}
        />
      </Styled(div)>
      <Styled(div)
        key="123453"
      >
        <Styled(div)>
          <Labels
            isSimpleMode={true}
            labels={
              Array [
                Object {
                  "text": "ROLAND-GARROS",
                },
                Object {
                  "text": "SINGLES",
                },
                Object {
                  "text": "1ST ROUND",
                },
              ]
            }
          />
        </Styled(div)>
        <ScoreBlock
          data={
            Object {
              "bottomTeam": Object {
                "hasWon": true,
                "isServing": false,
                "playerOneName": "Federer",
                "sets": Array [
                  Object {
                    "score": 7,
                    "set": 1,
                    "tie": null,
                    "won": true,
                  },
                  Object {
                    "score": 6,
                    "set": 2,
                    "tie": null,
                    "won": true,
                  },
                  Object {
                    "score": 6,
                    "set": 3,
                    "tie": null,
                    "won": true,
                  },
                ],
              },
              "topTeam": Object {
                "hasWon": false,
                "isServing": false,
                "playerOneName": "Nadal",
                "sets": Array [
                  Object {
                    "score": 6,
                    "set": 1,
                    "tie": null,
                    "won": false,
                  },
                  Object {
                    "score": 2,
                    "set": 2,
                    "tie": null,
                    "won": false,
                  },
                  Object {
                    "score": 3,
                    "set": 3,
                    "tie": null,
                    "won": false,
                  },
                ],
              },
            }
          }
          displayLeftCircle="lost"
          hasButton={true}
          isLive={false}
          isWatchable={false}
          liveButtonText="Live"
          matchInfoButtonText="Match Info"
          matchUrl="https://eurosport.com"
          schedule={null}
        />
      </Styled(div)>
      <Styled(div)
        key="123454"
      >
        <Styled(div)>
          <Labels
            isSimpleMode={true}
            labels={
              Array [
                Object {
                  "text": "ROLAND-GARROS",
                },
                Object {
                  "text": "SINGLES",
                },
                Object {
                  "text": "2ND ROUND",
                },
              ]
            }
          />
        </Styled(div)>
        <ScoreBlock
          data={
            Object {
              "bottomTeam": Object {
                "hasWon": false,
                "isServing": false,
                "playerOneName": "Federer",
                "sets": Array [
                  Object {
                    "score": 3,
                    "set": 1,
                    "tie": null,
                    "won": false,
                  },
                  Object {
                    "score": 3,
                    "set": 2,
                    "tie": null,
                    "won": true,
                  },
                  Object {
                    "score": 7,
                    "set": 3,
                    "tie": 7,
                    "won": true,
                  },
                  Object {
                    "score": 3,
                    "set": 4,
                    "tie": null,
                    "won": false,
                  },
                  Object {
                    "score": 6,
                    "set": 5,
                    "tie": null,
                    "won": true,
                  },
                ],
              },
              "topTeam": Object {
                "hasWon": true,
                "isServing": false,
                "playerOneName": "Nadal",
                "sets": Array [
                  Object {
                    "score": 6,
                    "set": 1,
                    "tie": null,
                    "won": true,
                  },
                  Object {
                    "score": 6,
                    "set": 2,
                    "tie": null,
                    "won": true,
                  },
                  Object {
                    "score": 6,
                    "set": 3,
                    "tie": 2,
                    "won": false,
                  },
                  Object {
                    "score": 6,
                    "set": 4,
                    "tie": null,
                    "won": true,
                  },
                  Object {
                    "score": 3,
                    "set": 5,
                    "tie": null,
                    "won": false,
                  },
                ],
              },
            }
          }
          displayLeftCircle="won"
          hasButton={true}
          isLive={false}
          isWatchable={false}
          liveButtonText="Live"
          matchInfoButtonText="Match Info"
          matchUrl="https://eurosport.com"
          schedule={null}
        />
      </Styled(div)>
      <Styled(div)
        key="123455"
      >
        <Styled(div)>
          <Labels
            isSimpleMode={true}
            labels={
              Array [
                Object {
                  "text": "ROLAND-GARROS",
                },
                Object {
                  "text": "SINGLES",
                },
                Object {
                  "text": "FINAL",
                },
              ]
            }
          />
        </Styled(div)>
        <ScoreBlock
          data={
            Object {
              "bottomTeam": Object {
                "hasWon": false,
                "isServing": false,
                "playerOneName": "Federer",
                "sets": Array [
                  Object {
                    "score": 3,
                    "set": 1,
                    "tie": null,
                    "won": false,
                  },
                  Object {
                    "score": 3,
                    "set": 2,
                    "tie": null,
                    "won": true,
                  },
                  Object {
                    "score": 7,
                    "set": 3,
                    "tie": 7,
                    "won": true,
                  },
                  Object {
                    "score": 3,
                    "set": 4,
                    "tie": null,
                    "won": false,
                  },
                  Object {
                    "score": 6,
                    "set": 5,
                    "tie": null,
                    "won": true,
                  },
                ],
              },
              "topTeam": Object {
                "hasWon": true,
                "isServing": false,
                "playerOneName": "Nadal",
                "sets": Array [
                  Object {
                    "score": 6,
                    "set": 1,
                    "tie": null,
                    "won": true,
                  },
                  Object {
                    "score": 6,
                    "set": 2,
                    "tie": null,
                    "won": true,
                  },
                  Object {
                    "score": 6,
                    "set": 3,
                    "tie": 2,
                    "won": false,
                  },
                  Object {
                    "score": 6,
                    "set": 4,
                    "tie": null,
                    "won": true,
                  },
                  Object {
                    "score": 3,
                    "set": 5,
                    "tie": null,
                    "won": false,
                  },
                ],
              },
            }
          }
          displayLeftCircle="won"
          hasButton={true}
          isLive={false}
          isWatchable={false}
          liveButtonText="Live"
          matchInfoButtonText="Match Info"
          matchUrl="https://eurosport.com"
          schedule={null}
        />
      </Styled(div)>
    </ViewMore>
  </Styled(div)>
</Styled(div)>
`;
