// Jest Snapshot v1, https://goo.gl/fbAQLP

exports[`PlayIcon should render default icon 1`] = `
<Styled(div)
  className="test"
  iconHeight={50}
  isLoading={false}
>
  <Styled(div)
    isLoading={false}
  />
  <img
    alt="play"
    src="play.svg"
  />
</Styled(div)>
`;
